export const snapshot = {};

snapshot[`base_path plugin 1`] = `1`;

snapshot[`base_path plugin 2`] = `
{
  formats: [
    {
      data: undefined,
      includesPath: undefined,
      key: ".tmpl.ts",
      loader: [AsyncFunction: module],
      page: true,
      removeExtension: true,
    },
    {
      data: undefined,
      includesPath: undefined,
      key: ".tmpl.js",
      loader: [AsyncFunction: module],
      page: true,
      removeExtension: true,
    },
    {
      data: undefined,
      includesPath: undefined,
      key: ".tmpl.json",
      loader: [AsyncFunction: json],
      page: true,
      removeExtension: true,
    },
    {
      data: true,
      includesPath: undefined,
      key: ".json",
      loader: [AsyncFunction: json],
      page: undefined,
      removeExtension: undefined,
    },
    {
      data: undefined,
      includesPath: undefined,
      key: ".md",
      loader: [AsyncFunction: text],
      page: true,
      removeExtension: true,
    },
    {
      data: true,
      includesPath: undefined,
      key: ".js",
      loader: [AsyncFunction: module],
      page: undefined,
      removeExtension: undefined,
    },
    {
      data: true,
      includesPath: undefined,
      key: ".ts",
      loader: [AsyncFunction: module],
      page: undefined,
      removeExtension: undefined,
    },
    {
      data: undefined,
      includesPath: "_includes",
      key: ".njk",
      loader: [AsyncFunction: text],
      page: true,
      removeExtension: true,
    },
    {
      data: true,
      includesPath: undefined,
      key: ".yaml",
      loader: [AsyncFunction: yaml],
      page: true,
      removeExtension: true,
    },
    {
      data: true,
      includesPath: undefined,
      key: ".yml",
      loader: [AsyncFunction: yaml],
      page: true,
      removeExtension: true,
    },
  ],
}
`;

snapshot[`base_path plugin 3`] = `
[
]
`;

snapshot[`base_path plugin 4`] = `
{
  content: '<!DOCTYPE html>
<html lang="en"><head>
  <meta charset="UTF-8">
  <meta http-equiv="X-UA-Compatible" content="IE=edge">
  <meta name="viewport" content="width=device-width, initial-scale=1.0">
  <title>Document</title>
  <link id="style-1" rel="stylesheet" href="/blog/style.css">
  <link id="style-2" rel="stylesheet" href="other-styles.css">
  <link id="style-3" rel="stylesheet" href="./other-styles.css">
  <link id="preload-1" rel="preload" href="/blog/fonts/cicle_fina-webfont.woff2" as="font" type="font/woff2" crossorigin="">
  <link id="preload-2" rel="preload" as="image" imagesrcset="/blog/image-400.jpg 400w, /blog/image-800.jpg 800w, /blog/image-1600.jpg 1600w" imagesizes="100vw">
</head>
<body>
  <a id="link-1" href="/blog/">Home</a>
  <a id="link-2" href="/blog/">Blog</a>
  <img id="img-1" src="/blog/img/avatar.png">
  <img id="img-2" srcset="/blog/image-400.jpg 400w, /blog/image-800.jpg 800w, /blog/image-1600.jpg 1600w" sizes="100vw" alt="">
  <picture>
    <source id="source-1" srcset="/blog/image.jpeg x1, /blog/image-big.jpeg">
  </picture>
  <script id="script-1" src="/blog/script.js"></script>

</body></html>',
  data: {
    content: '<!DOCTYPE html>
<html lang="en">
<head>
  <meta charset="UTF-8">
  <meta http-equiv="X-UA-Compatible" content="IE=edge">
  <meta name="viewport" content="width=device-width, initial-scale=1.0">
  <title>Document</title>
  <link id="style-1" rel="stylesheet" href="/style.css">
  <link id="style-2" rel="stylesheet" href="other-styles.css">
  <link id="style-3" rel="stylesheet" href="./other-styles.css">
  <link id="preload-1" rel="preload" href="/fonts/cicle_fina-webfont.woff2" as="font" type="font/woff2" crossorigin>
  <link id="preload-2" rel="preload" as="image" imagesrcset="/image-400.jpg 400w, /image-800.jpg 800w, /image-1600.jpg 1600w" imagesizes="100vw">
</head>
<body>
  <a id="link-1" href="/">Home</a>
  <a id="link-2" href="/blog/">Blog</a>
  <img id="img-1" src="/img/avatar.png">
  <img id="img-2" srcset="/image-400.jpg 400w, /image-800.jpg 800w, /image-1600.jpg 1600w" sizes="100vw" alt="">
  <picture>
    <source id="source-1" srcset="/blog/image.jpeg x1, /blog/image-big.jpeg">
  </picture>
  <script id="script-1" src="/script.js"></script>
</body>
</html>',
    date: 1970-01-01T00:00:00.000Z,
    paginate: [GeneratorFunction: paginate],
    search: Search {},
    tags: [
    ],
    url: "/",
  },
  dest: {
    ext: ".html",
    path: "/index",
  },
  src: {
    ext: ".njk",
    path: "/index",
  },
}
`;
