export const snapshot = {};

snapshot[`esbuild plugin 1`] = `1`;

snapshot[`esbuild plugin 2`] = `
{
  formats: [
    {
      data: undefined,
      includesPath: undefined,
      key: ".tmpl.ts",
      loader: [AsyncFunction: module],
      page: true,
      removeExtension: true,
    },
    {
      data: undefined,
      includesPath: undefined,
      key: ".tmpl.js",
      loader: [AsyncFunction: module],
      page: true,
      removeExtension: true,
    },
    {
      data: undefined,
      includesPath: undefined,
      key: ".tmpl.json",
      loader: [AsyncFunction: json],
      page: true,
      removeExtension: true,
    },
    {
      data: true,
      includesPath: undefined,
      key: ".json",
      loader: [AsyncFunction: json],
      page: undefined,
      removeExtension: undefined,
    },
    {
      data: undefined,
      includesPath: undefined,
      key: ".md",
      loader: [AsyncFunction: text],
      page: true,
      removeExtension: true,
    },
    {
      data: true,
      includesPath: undefined,
      key: ".js",
      loader: [AsyncFunction: text],
      page: true,
      removeExtension: undefined,
    },
    {
      data: true,
      includesPath: undefined,
      key: ".ts",
      loader: [AsyncFunction: text],
      page: true,
      removeExtension: undefined,
    },
    {
      data: undefined,
      includesPath: "_includes",
      key: ".njk",
      loader: [AsyncFunction: text],
      page: true,
      removeExtension: true,
    },
    {
      data: true,
      includesPath: undefined,
      key: ".yaml",
      loader: [AsyncFunction: yaml],
      page: true,
      removeExtension: true,
    },
    {
      data: true,
      includesPath: undefined,
      key: ".yml",
      loader: [AsyncFunction: yaml],
      page: true,
      removeExtension: true,
    },
  ],
}
`;

snapshot[`esbuild plugin 3`] = `
[
]
`;

snapshot[`esbuild plugin 4`] = `
{
  content: 'var n=Object.defineProperty;var t=(e,o)=>n(e,"name",{value:o,configurable:!0});function r(e){return e.toUpperCase()}t(r,"toUppercase");document.querySelectorAll("h1")?.forEach(e=>{e.innerHTML=r(e.innerHTML)});
',
  data: {
    content: '/// <reference lib="dom" />
import toUppercase from "./modules/to_uppercase.ts";

document.querySelectorAll("h1")?.forEach((h1) => {
  h1.innerHTML = toUppercase(h1.innerHTML);
});
',
    date: 1970-01-01T00:00:00.000Z,
    paginate: [GeneratorFunction: paginate],
    search: Search {},
    tags: [
    ],
    url: "/main.js",
  },
  dest: {
    ext: ".js",
    path: "/main",
  },
  src: {
    ext: ".ts",
    path: "/main",
  },
}
`;
