export const snapshot = {};

snapshot[`metas plugin 1`] = `1`;

snapshot[`metas plugin 2`] = `
{
  formats: [
    {
      component: undefined,
      data: undefined,
      includesPath: undefined,
      key: ".tmpl.ts",
      loader: [AsyncFunction: module],
      page: true,
      removeExtension: true,
    },
    {
      component: undefined,
      data: undefined,
      includesPath: undefined,
      key: ".tmpl.js",
      loader: [AsyncFunction: module],
      page: true,
      removeExtension: true,
    },
    {
      component: undefined,
      data: undefined,
      includesPath: undefined,
      key: ".tmpl.json",
      loader: [AsyncFunction: json],
      page: true,
      removeExtension: true,
    },
    {
      component: undefined,
      data: true,
      includesPath: undefined,
      key: ".json",
      loader: [AsyncFunction: json],
      page: undefined,
      removeExtension: undefined,
    },
    {
      component: undefined,
      data: undefined,
      includesPath: undefined,
      key: ".md",
      loader: [AsyncFunction: text],
      page: true,
      removeExtension: true,
    },
    {
      component: true,
      data: true,
      includesPath: undefined,
      key: ".js",
      loader: [AsyncFunction: module],
      page: undefined,
      removeExtension: undefined,
    },
    {
      component: true,
      data: true,
      includesPath: undefined,
      key: ".ts",
      loader: [AsyncFunction: module],
      page: undefined,
      removeExtension: undefined,
    },
    {
      component: true,
      data: undefined,
      includesPath: "_includes",
      key: ".njk",
      loader: [AsyncFunction: text],
      page: true,
      removeExtension: true,
    },
    {
      component: undefined,
      data: true,
      includesPath: undefined,
      key: ".yaml",
      loader: [AsyncFunction: yaml],
      page: true,
      removeExtension: true,
    },
    {
      component: undefined,
      data: true,
      includesPath: undefined,
      key: ".yml",
      loader: [AsyncFunction: yaml],
      page: true,
      removeExtension: true,
    },
  ],
}
`;

snapshot[`metas plugin 3`] = `
[
]
`;

snapshot[`metas plugin 4`] = `
{
  content: '<!DOCTYPE html>
<html><head>
  <meta property="og:type" content="website">
<meta property="og:title" content="Custom title">
<meta property="og:description" content="Custom description">
<meta property="og:url" content="http://localhost/page-1/">
<meta name="twitter:title" content="Custom title">
<meta name="twitter:description" content="Custom description">
<meta name="twitter:card" content="summary">
<meta itemprop="name" content="Custom title">
<meta itemprop="description" content="Custom description">
<meta name="description" content="Custom description">
</head>
  <body>
    Hello world
  

</body></html>',
  data: {
    content: "<html>
  <head>
  </head>
  <body>
    Hello world
  </body>
</html>
",
    date: 1970-01-01T00:00:00.000Z,
    mergeKeys: {
      metas: "object",
    },
    metas: {
      description: "Custom description",
      title: "Custom title",
    },
    paginate: [GeneratorFunction: paginate],
    search: Search {},
    tags: [
    ],
    url: "/page-1/",
  },
  dest: {
    ext: ".html",
    path: "/page-1/index",
  },
  src: {
    ext: ".njk",
    path: "/page-1",
  },
}
`;
