export const snapshot = {};

snapshot[`code_hightlight plugin 1`] = `2`;

snapshot[`code_hightlight plugin 2`] = `
{
  formats: [
    {
      engines: 1,
      ext: ".tmpl.ts",
      pageLoader: [AsyncFunction: module],
    },
    {
      engines: 1,
      ext: ".tmpl.js",
      pageLoader: [AsyncFunction: module],
    },
    {
      engines: undefined,
      ext: ".tmpl.json",
      pageLoader: [AsyncFunction: json],
    },
    {
      dataLoader: [AsyncFunction: json],
      engines: undefined,
      ext: ".json",
    },
    {
      engines: 1,
      ext: ".md",
      pageLoader: [AsyncFunction: text],
    },
    {
      engines: 1,
      ext: ".markdown",
      pageLoader: [AsyncFunction: text],
    },
    {
      componentLoader: [AsyncFunction: module],
      dataLoader: [AsyncFunction: module],
      engines: 1,
      ext: ".js",
    },
    {
      componentLoader: [AsyncFunction: module],
      dataLoader: [AsyncFunction: module],
      engines: 1,
      ext: ".ts",
    },
    {
      componentLoader: [AsyncFunction: text],
      engines: 1,
      ext: ".njk",
      includesPath: "_includes",
      pageLoader: [AsyncFunction: text],
    },
    {
      dataLoader: [AsyncFunction: yaml],
      engines: undefined,
      ext: ".yaml",
      pageLoader: [AsyncFunction: yaml],
    },
    {
      dataLoader: [AsyncFunction: yaml],
      engines: undefined,
      ext: ".yml",
      pageLoader: [AsyncFunction: yaml],
    },
  ],
}
`;

snapshot[`code_hightlight plugin 3`] = `
[
]
`;

snapshot[`code_hightlight plugin 4`] = `
{
  content: "backend:
  name: git-gateway
  branch: master
media_folder: img
public_folder: /img
site_url: 'https://example.com/'
local_backend: false
",
  data: {
    content: "backend:
  name: git-gateway
  branch: master
media_folder: img
public_folder: /img
site_url: 'https://example.com/'
local_backend: false
",
    page: undefined,
    url: "/admin/config.yml",
  },
  dest: {
    ext: ".yml",
    path: "/admin/config",
  },
  src: {
    asset: true,
    path: "",
    remote: undefined,
    slug: "config",
  },
}
`;

snapshot[`code_hightlight plugin 5`] = `
{
  content: '
        <!DOCTYPE html>
        <html lang="en">
        <head>
          <meta charset="UTF-8">
          <meta name="viewport" content="width=device-width, initial-scale=1.0">
          <title>Admin</title>
        </head>
        <body>
        <link href="/admin/config.yml" type="text/yaml" rel="cms-config-url"><script src="https://unpkg.com/netlify-cms@^2.0.0/dist/netlify-cms.js"></script>
        </body>
        </html>
        ',
  data: {
    content: '
        <!DOCTYPE html>
        <html lang="en">
        <head>
          <meta charset="UTF-8">
          <meta name="viewport" content="width=device-width, initial-scale=1.0">
          <title>Admin</title>
        </head>
        <body>
        <link href="/admin/config.yml" type="text/yaml" rel="cms-config-url"><script src="https://unpkg.com/netlify-cms@^2.0.0/dist/netlify-cms.js"></script>
        </body>
        </html>
        ',
    page: undefined,
    url: "/admin/",
  },
  dest: {
    ext: ".html",
    path: "/admin/index",
  },
  src: {
    asset: true,
    path: "",
    remote: undefined,
    slug: "index",
  },
}
`;
