export const snapshot = {};

snapshot[`Prism plugin 1`] = `1`;

snapshot[`Prism plugin 2`] = `
{
  formats: [
    {
      includesPath: undefined,
      key: ".tmpl.ts",
      loader: [AsyncFunction: module],
      page: true,
      removeExtension: true,
    },
    {
      includesPath: undefined,
      key: ".tmpl.js",
      loader: [AsyncFunction: module],
      page: true,
      removeExtension: true,
    },
    {
      includesPath: undefined,
      key: ".tmpl.json",
      loader: [AsyncFunction: json],
      page: true,
      removeExtension: true,
    },
    {
      includesPath: undefined,
      key: ".json",
      loader: undefined,
      page: undefined,
      removeExtension: undefined,
    },
    {
      includesPath: undefined,
      key: ".md",
      loader: [AsyncFunction: text],
      page: true,
      removeExtension: true,
    },
    {
      includesPath: undefined,
      key: ".js",
      loader: undefined,
      page: undefined,
      removeExtension: undefined,
    },
    {
      includesPath: undefined,
      key: ".ts",
      loader: undefined,
      page: undefined,
      removeExtension: undefined,
    },
    {
      includesPath: "_includes",
      key: ".njk",
      loader: [AsyncFunction: text],
      page: true,
      removeExtension: true,
    },
    {
      includesPath: undefined,
      key: ".yaml",
      loader: [AsyncFunction: yaml],
      page: true,
      removeExtension: true,
    },
    {
      includesPath: undefined,
      key: ".yml",
      loader: [AsyncFunction: yaml],
      page: true,
      removeExtension: true,
    },
  ],
}
`;

snapshot[`Prism plugin 3`] = `
[
]
`;

snapshot[`Prism plugin 4`] = `
{
  content: '<!DOCTYPE html>
<html><head></head><body><h1>Hello world</h1>
<pre class="language-css" tabindex="0"><code class="language-css"><span class="token selector">body</span> <span class="token punctuation">{</span>
  <span class="token property">background</span><span class="token punctuation">:</span> red<span class="token punctuation">;</span>
<span class="token punctuation">}</span>
</code></pre>
<pre class="language-less" tabindex="0"><code class="language-less"><span class="token variable">@width<span class="token punctuation">:</span></span> 10px<span class="token punctuation">;</span>
<span class="token variable">@height<span class="token punctuation">:</span></span> <span class="token variable">@width</span> <span class="token operator">+</span> 10px<span class="token punctuation">;</span>

<span class="token selector">#header</span> <span class="token punctuation">{</span>
  <span class="token property">width</span><span class="token punctuation">:</span> <span class="token variable">@width</span><span class="token punctuation">;</span>
  <span class="token property">height</span><span class="token punctuation">:</span> <span class="token variable">@height</span><span class="token punctuation">;</span>
<span class="token punctuation">}</span>
</code></pre>
<pre class="language-html" tabindex="0"><code class="language-html"><span class="token doctype"><span class="token punctuation">&lt;!</span><span class="token doctype-tag">DOCTYPE</span> <span class="token name">html</span><span class="token punctuation">&gt;</span></span>
<span class="token tag"><span class="token tag"><span class="token punctuation">&lt;</span>html</span> <span class="token attr-name">lang</span><span class="token attr-value"><span class="token punctuation attr-equals">=</span><span class="token punctuation">"</span>en<span class="token punctuation">"</span></span><span class="token punctuation">&gt;</span></span>
<span class="token tag"><span class="token tag"><span class="token punctuation">&lt;</span>head</span><span class="token punctuation">&gt;</span></span>
  <span class="token tag"><span class="token tag"><span class="token punctuation">&lt;</span>meta</span> <span class="token attr-name">charset</span><span class="token attr-value"><span class="token punctuation attr-equals">=</span><span class="token punctuation">"</span>UTF-8<span class="token punctuation">"</span></span><span class="token punctuation">&gt;</span></span>
  <span class="token tag"><span class="token tag"><span class="token punctuation">&lt;</span>meta</span> <span class="token attr-name">http-equiv</span><span class="token attr-value"><span class="token punctuation attr-equals">=</span><span class="token punctuation">"</span>X-UA-Compatible<span class="token punctuation">"</span></span> <span class="token attr-name">content</span><span class="token attr-value"><span class="token punctuation attr-equals">=</span><span class="token punctuation">"</span>IE=edge<span class="token punctuation">"</span></span><span class="token punctuation">&gt;</span></span>
  <span class="token tag"><span class="token tag"><span class="token punctuation">&lt;</span>meta</span> <span class="token attr-name">name</span><span class="token attr-value"><span class="token punctuation attr-equals">=</span><span class="token punctuation">"</span>viewport<span class="token punctuation">"</span></span> <span class="token attr-name">content</span><span class="token attr-value"><span class="token punctuation attr-equals">=</span><span class="token punctuation">"</span>width=device-width, initial-scale=1.0<span class="token punctuation">"</span></span><span class="token punctuation">&gt;</span></span>
  <span class="token tag"><span class="token tag"><span class="token punctuation">&lt;</span>title</span><span class="token punctuation">&gt;</span></span>Document<span class="token tag"><span class="token tag"><span class="token punctuation">&lt;/</span>title</span><span class="token punctuation">&gt;</span></span>
<span class="token tag"><span class="token tag"><span class="token punctuation">&lt;/</span>head</span><span class="token punctuation">&gt;</span></span>
<span class="token tag"><span class="token tag"><span class="token punctuation">&lt;</span>body</span><span class="token punctuation">&gt;</span></span>
  
<span class="token tag"><span class="token tag"><span class="token punctuation">&lt;/</span>body</span><span class="token punctuation">&gt;</span></span>
<span class="token tag"><span class="token tag"><span class="token punctuation">&lt;/</span>html</span><span class="token punctuation">&gt;</span></span>
</code></pre>
<pre class="language-js" tabindex="0"><code class="language-js">console<span class="token punctuation">.</span><span class="token function">log</span><span class="token punctuation">(</span><span class="token string">"foo"</span><span class="token punctuation">)</span><span class="token punctuation">;</span>
</code></pre>
</body></html>',
  data: {
    content: '# Hello world

\`\`\`css
body {
  background: red;
}
\`\`\`

\`\`\`less
@width: 10px;
@height: @width + 10px;

#header {
  width: @width;
  height: @height;
}
\`\`\`

\`\`\`html
<!DOCTYPE html>
<html lang="en">
<head>
  <meta charset="UTF-8">
  <meta http-equiv="X-UA-Compatible" content="IE=edge">
  <meta name="viewport" content="width=device-width, initial-scale=1.0">
  <title>Document</title>
</head>
<body>
  
</body>
</html>
\`\`\`

\`\`\`js
console.log("foo");
\`\`\`
',
    date: 1970-01-01T00:00:00.000Z,
    paginate: [GeneratorFunction: paginate],
    search: Search {},
    tags: [
    ],
    url: "/",
  },
  dest: {
    ext: ".html",
    path: "/index",
  },
  src: {
    ext: ".md",
    path: "/index",
  },
}
`;
