export const snapshot = {};

snapshot[`Sheets plugin 1`] = `1`;

snapshot[`Sheets plugin 2`] = `
{
  formats: [
    {
      engines: 1,
      ext: ".tmpl.ts",
      pageLoader: [AsyncFunction: module],
    },
    {
      engines: 1,
      ext: ".tmpl.js",
      pageLoader: [AsyncFunction: module],
    },
    {
      engines: undefined,
      ext: ".tmpl.json",
      pageLoader: [AsyncFunction: json],
    },
    {
      dataLoader: [AsyncFunction: json],
      engines: undefined,
      ext: ".json",
    },
    {
      engines: 1,
      ext: ".md",
      pageLoader: [AsyncFunction: text],
    },
    {
      componentLoader: [AsyncFunction: module],
      dataLoader: [AsyncFunction: module],
      engines: 1,
      ext: ".js",
    },
    {
      componentLoader: [AsyncFunction: module],
      dataLoader: [AsyncFunction: module],
      engines: 1,
      ext: ".ts",
    },
    {
      componentLoader: [AsyncFunction: text],
      engines: 1,
      ext: ".njk",
      includesPath: "_includes",
      pageLoader: [AsyncFunction: text],
    },
    {
      dataLoader: [AsyncFunction: yaml],
      engines: undefined,
      ext: ".yaml",
      pageLoader: [AsyncFunction: yaml],
    },
    {
      dataLoader: [AsyncFunction: yaml],
      engines: undefined,
      ext: ".yml",
      pageLoader: [AsyncFunction: yaml],
    },
    {
      dataLoader: [AsyncFunction: loader],
      engines: undefined,
      ext: ".xlsx",
    },
    {
      dataLoader: [AsyncFunction: loader],
      engines: undefined,
      ext: ".numbers",
    },
    {
      dataLoader: [AsyncFunction: loader],
      engines: undefined,
      ext: ".csv",
    },
  ],
}
`;

snapshot[`Sheets plugin 3`] = `
[
]
`;

snapshot[`Sheets plugin 4`] = `
{
  content: "<body>

  <table>
    <tr>
      
        <th>Day</th>
      
        <th>Benny 
Ashley</th>
      
        <th>Tom Brooks</th>
      
        <th>Jimmy Cooney</th>
      
        <th>Sue 
Daniels</th>
      
        <th>Berlinda Fong</th>
      
        <th>Terry Jones</th>
      
        <th>Angelina Little</th>
      
        <th>Linda Smith</th>
      
    </tr>

    
      <tr>
        
          <td>1</td>
        
          <td>true</td>
        
          <td>true</td>
        
          <td>true</td>
        
          <td>true</td>
        
          <td>true</td>
        
          <td>true</td>
        
          <td>false</td>
        
          <td>true</td>
        
      </tr>
    
      <tr>
        
          <td>2</td>
        
          <td>true</td>
        
          <td>true</td>
        
          <td>false</td>
        
          <td>false</td>
        
          <td>false</td>
        
          <td>false</td>
        
          <td>false</td>
        
          <td>false</td>
        
      </tr>
    
      <tr>
        
          <td>3</td>
        
          <td>false</td>
        
          <td>false</td>
        
          <td>false</td>
        
          <td>false</td>
        
          <td>false</td>
        
          <td>false</td>
        
          <td>false</td>
        
          <td>false</td>
        
      </tr>
    
      <tr>
        
          <td>4</td>
        
          <td>false</td>
        
          <td>false</td>
        
          <td>false</td>
        
          <td>false</td>
        
          <td>false</td>
        
          <td>false</td>
        
          <td>false</td>
        
          <td>false</td>
        
      </tr>
    
      <tr>
        
          <td>5</td>
        
          <td>false</td>
        
          <td>false</td>
        
          <td>false</td>
        
          <td>false</td>
        
          <td>false</td>
        
          <td>false</td>
        
          <td>false</td>
        
          <td>false</td>
        
      </tr>
    
      <tr>
        
          <td>6</td>
        
          <td>false</td>
        
          <td>false</td>
        
          <td>false</td>
        
          <td>false</td>
        
          <td>false</td>
        
          <td>false</td>
        
          <td>false</td>
        
          <td>false</td>
        
      </tr>
    
      <tr>
        
          <td>7</td>
        
          <td>false</td>
        
          <td>false</td>
        
          <td>false</td>
        
          <td>false</td>
        
          <td>false</td>
        
          <td>false</td>
        
          <td>false</td>
        
          <td>false</td>
        
      </tr>
    
      <tr>
        
          <td>8</td>
        
          <td>false</td>
        
          <td>false</td>
        
          <td>false</td>
        
          <td>false</td>
        
          <td>false</td>
        
          <td>false</td>
        
          <td>false</td>
        
          <td>false</td>
        
      </tr>
    
      <tr>
        
          <td>9</td>
        
          <td>false</td>
        
          <td>false</td>
        
          <td>false</td>
        
          <td>false</td>
        
          <td>false</td>
        
          <td>false</td>
        
          <td>false</td>
        
          <td>false</td>
        
      </tr>
    
      <tr>
        
          <td>0</td>
        
          <td>false</td>
        
          <td>false</td>
        
          <td>false</td>
        
          <td>false</td>
        
          <td>false</td>
        
          <td>false</td>
        
          <td>false</td>
        
          <td>false</td>
        
      </tr>
    
      <tr>
        
          <td>11</td>
        
          <td>false</td>
        
          <td>false</td>
        
          <td>false</td>
        
          <td>false</td>
        
          <td>false</td>
        
          <td>false</td>
        
          <td>false</td>
        
          <td>false</td>
        
      </tr>
    
      <tr>
        
          <td>12</td>
        
          <td>false</td>
        
          <td>false</td>
        
          <td>false</td>
        
          <td>false</td>
        
          <td>false</td>
        
          <td>false</td>
        
          <td>false</td>
        
          <td>false</td>
        
      </tr>
    
      <tr>
        
          <td>13</td>
        
          <td>false</td>
        
          <td>false</td>
        
          <td>false</td>
        
          <td>false</td>
        
          <td>false</td>
        
          <td>false</td>
        
          <td>false</td>
        
          <td>false</td>
        
      </tr>
    
      <tr>
        
          <td>14</td>
        
          <td>false</td>
        
          <td>false</td>
        
          <td>false</td>
        
          <td>false</td>
        
          <td>false</td>
        
          <td>false</td>
        
          <td>false</td>
        
          <td>false</td>
        
      </tr>
    
      <tr>
        
          <td>15</td>
        
          <td>false</td>
        
          <td>false</td>
        
          <td>false</td>
        
          <td>false</td>
        
          <td>false</td>
        
          <td>false</td>
        
          <td>false</td>
        
          <td>false</td>
        
      </tr>
    
      <tr>
        
          <td>16</td>
        
          <td>false</td>
        
          <td>false</td>
        
          <td>false</td>
        
          <td>false</td>
        
          <td>false</td>
        
          <td>false</td>
        
          <td>false</td>
        
          <td>false</td>
        
      </tr>
    
      <tr>
        
          <td>17</td>
        
          <td>false</td>
        
          <td>false</td>
        
          <td>false</td>
        
          <td>false</td>
        
          <td>false</td>
        
          <td>false</td>
        
          <td>false</td>
        
          <td>false</td>
        
      </tr>
    
      <tr>
        
          <td>18</td>
        
          <td>false</td>
        
          <td>false</td>
        
          <td>false</td>
        
          <td>false</td>
        
          <td>false</td>
        
          <td>false</td>
        
          <td>false</td>
        
          <td>false</td>
        
      </tr>
    
      <tr>
        
          <td>19</td>
        
          <td>false</td>
        
          <td>false</td>
        
          <td>false</td>
        
          <td>false</td>
        
          <td>false</td>
        
          <td>false</td>
        
          <td>false</td>
        
          <td>false</td>
        
      </tr>
    
      <tr>
        
          <td>20</td>
        
          <td>false</td>
        
          <td>false</td>
        
          <td>false</td>
        
          <td>false</td>
        
          <td>false</td>
        
          <td>false</td>
        
          <td>false</td>
        
          <td>false</td>
        
      </tr>
    
      <tr>
        
          <td>21</td>
        
          <td>false</td>
        
          <td>false</td>
        
          <td>false</td>
        
          <td>false</td>
        
          <td>false</td>
        
          <td>false</td>
        
          <td>false</td>
        
          <td>false</td>
        
      </tr>
    
      <tr>
        
          <td>22</td>
        
          <td>false</td>
        
          <td>false</td>
        
          <td>false</td>
        
          <td>false</td>
        
          <td>false</td>
        
          <td>false</td>
        
          <td>false</td>
        
          <td>false</td>
        
      </tr>
    
      <tr>
        
          <td>23</td>
        
          <td>false</td>
        
          <td>false</td>
        
          <td>false</td>
        
          <td>false</td>
        
          <td>false</td>
        
          <td>false</td>
        
          <td>false</td>
        
          <td>false</td>
        
      </tr>
    
      <tr>
        
          <td>Total</td>
        
          <td>2</td>
        
          <td>2</td>
        
          <td>1</td>
        
          <td>1</td>
        
          <td>1</td>
        
          <td>1</td>
        
          <td>0</td>
        
          <td>1</td>
        
      </tr>
    
  </table>
</body>
",
  data: {
    attendance_numbers: [
      {
        "Angelina Little": false,
        "Benny 
Ashley": true,
        "Berlinda Fong": true,
        Day: 1,
        "Jimmy Cooney": true,
        "Linda Smith": true,
        "Sue 
Daniels": true,
        "Terry Jones": true,
        "Tom Brooks": true,
      },
      {
        "Angelina Little": false,
        "Benny 
Ashley": true,
        "Berlinda Fong": false,
        Day: 2,
        "Jimmy Cooney": false,
        "Linda Smith": false,
        "Sue 
Daniels": false,
        "Terry Jones": false,
        "Tom Brooks": true,
      },
      {
        "Angelina Little": false,
        "Benny 
Ashley": false,
        "Berlinda Fong": false,
        Day: 3,
        "Jimmy Cooney": false,
        "Linda Smith": false,
        "Sue 
Daniels": false,
        "Terry Jones": false,
        "Tom Brooks": false,
      },
      {
        "Angelina Little": false,
        "Benny 
Ashley": false,
        "Berlinda Fong": false,
        Day: 4,
        "Jimmy Cooney": false,
        "Linda Smith": false,
        "Sue 
Daniels": false,
        "Terry Jones": false,
        "Tom Brooks": false,
      },
      {
        "Angelina Little": false,
        "Benny 
Ashley": false,
        "Berlinda Fong": false,
        Day: 5,
        "Jimmy Cooney": false,
        "Linda Smith": false,
        "Sue 
Daniels": false,
        "Terry Jones": false,
        "Tom Brooks": false,
      },
      {
        "Angelina Little": false,
        "Benny 
Ashley": false,
        "Berlinda Fong": false,
        Day: 6,
        "Jimmy Cooney": false,
        "Linda Smith": false,
        "Sue 
Daniels": false,
        "Terry Jones": false,
        "Tom Brooks": false,
      },
      {
        "Angelina Little": false,
        "Benny 
Ashley": false,
        "Berlinda Fong": false,
        Day: 7,
        "Jimmy Cooney": false,
        "Linda Smith": false,
        "Sue 
Daniels": false,
        "Terry Jones": false,
        "Tom Brooks": false,
      },
      {
        "Angelina Little": false,
        "Benny 
Ashley": false,
        "Berlinda Fong": false,
        Day: 8,
        "Jimmy Cooney": false,
        "Linda Smith": false,
        "Sue 
Daniels": false,
        "Terry Jones": false,
        "Tom Brooks": false,
      },
      {
        "Angelina Little": false,
        "Benny 
Ashley": false,
        "Berlinda Fong": false,
        Day: 9,
        "Jimmy Cooney": false,
        "Linda Smith": false,
        "Sue 
Daniels": false,
        "Terry Jones": false,
        "Tom Brooks": false,
      },
      {
        "Angelina Little": false,
        "Benny 
Ashley": false,
        "Berlinda Fong": false,
        Day: 0,
        "Jimmy Cooney": false,
        "Linda Smith": false,
        "Sue 
Daniels": false,
        "Terry Jones": false,
        "Tom Brooks": false,
      },
      {
        "Angelina Little": false,
        "Benny 
Ashley": false,
        "Berlinda Fong": false,
        Day: 11,
        "Jimmy Cooney": false,
        "Linda Smith": false,
        "Sue 
Daniels": false,
        "Terry Jones": false,
        "Tom Brooks": false,
      },
      {
        "Angelina Little": false,
        "Benny 
Ashley": false,
        "Berlinda Fong": false,
        Day: 12,
        "Jimmy Cooney": false,
        "Linda Smith": false,
        "Sue 
Daniels": false,
        "Terry Jones": false,
        "Tom Brooks": false,
      },
      {
        "Angelina Little": false,
        "Benny 
Ashley": false,
        "Berlinda Fong": false,
        Day: 13,
        "Jimmy Cooney": false,
        "Linda Smith": false,
        "Sue 
Daniels": false,
        "Terry Jones": false,
        "Tom Brooks": false,
      },
      {
        "Angelina Little": false,
        "Benny 
Ashley": false,
        "Berlinda Fong": false,
        Day: 14,
        "Jimmy Cooney": false,
        "Linda Smith": false,
        "Sue 
Daniels": false,
        "Terry Jones": false,
        "Tom Brooks": false,
      },
      {
        "Angelina Little": false,
        "Benny 
Ashley": false,
        "Berlinda Fong": false,
        Day: 15,
        "Jimmy Cooney": false,
        "Linda Smith": false,
        "Sue 
Daniels": false,
        "Terry Jones": false,
        "Tom Brooks": false,
      },
      {
        "Angelina Little": false,
        "Benny 
Ashley": false,
        "Berlinda Fong": false,
        Day: 16,
        "Jimmy Cooney": false,
        "Linda Smith": false,
        "Sue 
Daniels": false,
        "Terry Jones": false,
        "Tom Brooks": false,
      },
      {
        "Angelina Little": false,
        "Benny 
Ashley": false,
        "Berlinda Fong": false,
        Day: 17,
        "Jimmy Cooney": false,
        "Linda Smith": false,
        "Sue 
Daniels": false,
        "Terry Jones": false,
        "Tom Brooks": false,
      },
      {
        "Angelina Little": false,
        "Benny 
Ashley": false,
        "Berlinda Fong": false,
        Day: 18,
        "Jimmy Cooney": false,
        "Linda Smith": false,
        "Sue 
Daniels": false,
        "Terry Jones": false,
        "Tom Brooks": false,
      },
      {
        "Angelina Little": false,
        "Benny 
Ashley": false,
        "Berlinda Fong": false,
        Day: 19,
        "Jimmy Cooney": false,
        "Linda Smith": false,
        "Sue 
Daniels": false,
        "Terry Jones": false,
        "Tom Brooks": false,
      },
      {
        "Angelina Little": false,
        "Benny 
Ashley": false,
        "Berlinda Fong": false,
        Day: 20,
        "Jimmy Cooney": false,
        "Linda Smith": false,
        "Sue 
Daniels": false,
        "Terry Jones": false,
        "Tom Brooks": false,
      },
      {
        "Angelina Little": false,
        "Benny 
Ashley": false,
        "Berlinda Fong": false,
        Day: 21,
        "Jimmy Cooney": false,
        "Linda Smith": false,
        "Sue 
Daniels": false,
        "Terry Jones": false,
        "Tom Brooks": false,
      },
      {
        "Angelina Little": false,
        "Benny 
Ashley": false,
        "Berlinda Fong": false,
        Day: 22,
        "Jimmy Cooney": false,
        "Linda Smith": false,
        "Sue 
Daniels": false,
        "Terry Jones": false,
        "Tom Brooks": false,
      },
      {
        "Angelina Little": false,
        "Benny 
Ashley": false,
        "Berlinda Fong": false,
        Day: 23,
        "Jimmy Cooney": false,
        "Linda Smith": false,
        "Sue 
Daniels": false,
        "Terry Jones": false,
        "Tom Brooks": false,
      },
      {
        "Angelina Little": 0,
        "Benny 
Ashley": 2,
        "Berlinda Fong": 1,
        Day: "Total",
        "Jimmy Cooney": 1,
        "Linda Smith": 1,
        "Sue 
Daniels": 1,
        "Terry Jones": 1,
        "Tom Brooks": 2,
      },
    ],
    content: "<body>

  <table>
    <tr>
      {% for key, column in attendance_numbers[0] %}
        <th>{{ key }}</th>
      {% endfor %}
    </tr>

    {% for row in attendance_numbers %}
      <tr>
        {% for key, column in row %}
          <td>{{ column }}</td>
        {% endfor %}
      </tr>
    {% endfor %}
  </table>
</body>
",
    date: 1970-01-01T00:00:00.000Z,
    page: undefined,
    paginate: [Function: paginate],
    search: Search {},
    tags: [
    ],
    url: "/",
  },
  dest: {
    ext: ".html",
    path: "/index",
  },
  src: {
    ext: ".njk",
    path: "/index",
    remote: undefined,
  },
}
`;
