export const snapshot = {};

snapshot[`terser plugin 1`] = `2`;

snapshot[`terser plugin 2`] = `
{
  formats: [
    {
      includesPath: undefined,
      key: ".tmpl.ts",
      loader: [AsyncFunction: module],
      page: true,
      removeExtension: true,
    },
    {
      includesPath: undefined,
      key: ".tmpl.js",
      loader: [AsyncFunction: module],
      page: true,
      removeExtension: true,
    },
    {
      includesPath: undefined,
      key: ".tmpl.json",
      loader: [AsyncFunction: json],
      page: true,
      removeExtension: true,
    },
    {
      includesPath: undefined,
      key: ".json",
      loader: undefined,
      page: undefined,
      removeExtension: undefined,
    },
    {
      includesPath: undefined,
      key: ".md",
      loader: [AsyncFunction: text],
      page: true,
      removeExtension: true,
    },
    {
      includesPath: undefined,
      key: ".js",
      loader: [AsyncFunction: text],
      page: true,
      removeExtension: undefined,
    },
    {
      includesPath: undefined,
      key: ".ts",
      loader: undefined,
      page: undefined,
      removeExtension: undefined,
    },
    {
      includesPath: "_includes",
      key: ".njk",
      loader: [AsyncFunction: text],
      page: true,
      removeExtension: true,
    },
    {
      includesPath: undefined,
      key: ".yaml",
      loader: [AsyncFunction: yaml],
      page: true,
      removeExtension: true,
    },
    {
      includesPath: undefined,
      key: ".yml",
      loader: [AsyncFunction: yaml],
      page: true,
      removeExtension: true,
    },
  ],
}
`;

snapshot[`terser plugin 3`] = `
[
]
`;

snapshot[`terser plugin 4`] = `
{
  content: 'import{one as o,two as m}from"./numbers.js";console.log(o()+m());',
  data: {
    content: 'import { one, two } from "./numbers.js";

console.log(one() + two());
',
    date: 1970-01-01T00:00:00.000Z,
    paginate: [GeneratorFunction: paginate],
    search: Search {},
    tags: [
    ],
    url: "/main.js",
  },
  dest: {
    ext: ".js",
    path: "/main",
  },
  src: {
    ext: ".js",
    path: "/main",
  },
}
`;

snapshot[`terser plugin 5`] = `
{
  content: "export function one(){return 1}export function two(){return 2}",
  data: {
    content: "
export function one () {
  return {{ one }};
}

export function two () {
  return {{ two }};
}
/*
Commented code
export function two () {
  return {{ two }};
}
*/",
    date: 1970-01-01T00:00:00.000Z,
    one: 1,
    paginate: [GeneratorFunction: paginate],
    search: Search {},
    tags: [
    ],
    two: 2,
    url: "/numbers.js",
  },
  dest: {
    ext: ".js",
    path: "/numbers",
  },
  src: {
    ext: ".njk",
    path: "/numbers.js",
  },
}
`;
